[    0.000000] Initializing cgroup subsys cpuset
[    0.000000] Initializing cgroup subsys cpu
[    0.000000] Initializing cgroup subsys cpuacct
[    0.000000] Linux version 4.4.0-141-generic (buildd@lcy01-amd64-006) (gcc version 5.4.0 20160609 (Ubuntu 5.4.0-6ubuntu1~16.04.10) ) #167-Ubuntu SMP Wed Dec 5 10:40:15 UTC 2018 (Ubuntu 4.4.0-141.167-generic 4.4.162)
[    0.000000] Command line: BOOT_IMAGE=/boot/vmlinuz-4.4.0-141-generic root=LABEL=cloudimg-rootfs ro console=tty1 console=ttyS0
[    0.000000] KERNEL supported cpus:
[    0.000000]   Intel GenuineIntel
[    0.000000]   AMD AuthenticAMD
[    0.000000]   Centaur CentaurHauls
[    0.000000] x86/fpu: xstate_offset[2]:  576, xstate_sizes[2]:  256
[    0.000000] x86/fpu: Supporting XSAVE feature 0x01: 'x87 floating point registers'
[    0.000000] x86/fpu: Supporting XSAVE feature 0x02: 'SSE registers'
[    0.000000] x86/fpu: Supporting XSAVE feature 0x04: 'AVX registers'
[    0.000000] x86/fpu: Enabled xstate features 0x7, context size is 832 bytes, using 'standard' format.
[    0.000000] e820: BIOS-provided physical RAM map:
[    0.000000] BIOS-e820: [mem 0x0000000000000000-0x000000000009fbff] usable
[    0.000000] BIOS-e820: [mem 0x000000000009fc00-0x000000000009ffff] reserved
[    0.000000] BIOS-e820: [mem 0x00000000000f0000-0x00000000000fffff] reserved
[    0.000000] BIOS-e820: [mem 0x0000000000100000-0x000000003ffeffff] usable
[    0.000000] BIOS-e820: [mem 0x000000003fff0000-0x000000003fffffff] ACPI data
[    0.000000] BIOS-e820: [mem 0x00000000fec00000-0x00000000fec00fff] reserved
[    0.000000] BIOS-e820: [mem 0x00000000fee00000-0x00000000fee00fff] reserved
[    0.000000] BIOS-e820: [mem 0x00000000fffc0000-0x00000000ffffffff] reserved
[    0.000000] NX (Execute Disable) protection: active
[    0.000000] SMBIOS 2.5 present.
[    0.000000] Hypervisor detected: KVM
[    0.000000] e820: last_pfn = 0x3fff0 max_arch_pfn = 0x400000000
[    0.000000] MTRR: Disabled
[    0.000000] x86/PAT: MTRRs disabled, skipping PAT initialization too.
[    0.000000] CPU MTRRs all blank - virtualized system.
[    0.000000] x86/PAT: Configuration [0-7]: WB  WT  UC- UC  WB  WT  UC- UC  
[    0.000000] found SMP MP-table at [mem 0x0009fff0-0x0009ffff] mapped at [ffff88000009fff0]
[    0.000000] Scanning 1 areas for low memory corruption
[    0.000000] RAMDISK: [mem 0x36306000-0x3717afff]
[    0.000000] ACPI: Early table checksum verification disabled
[    0.000000] ACPI: RSDP 0x00000000000E0000 000024 (v02 VBOX  )
[    0.000000] ACPI: XSDT 0x000000003FFF0030 00003C (v01 VBOX   VBOXXSDT 00000001 ASL  00000061)
[    0.000000] ACPI: FACP 0x000000003FFF00F0 0000F4 (v04 VBOX   VBOXFACP 00000001 ASL  00000061)
[    0.000000] ACPI: DSDT 0x000000003FFF0470 0022EA (v02 VBOX   VBOXBIOS 00000002 INTL 20181213)
[    0.000000] ACPI: FACS 0x000000003FFF0200 000040
[    0.000000] ACPI: FACS 0x000000003FFF0200 000040
[    0.000000] ACPI: APIC 0x000000003FFF0240 00005C (v02 VBOX   VBOXAPIC 00000001 ASL  00000061)
[    0.000000] ACPI: SSDT 0x000000003FFF02A0 0001CC (v01 VBOX   VBOXCPUT 00000002 INTL 20181213)
[    0.000000] No NUMA configuration found
[    0.000000] Faking a node at [mem 0x0000000000000000-0x000000003ffeffff]
[    0.000000] NODE_DATA(0) allocated [mem 0x3ffeb000-0x3ffeffff]
[    0.000000] kvm-clock: Using msrs 4b564d01 and 4b564d00
[    0.000000] kvm-clock: cpu 0, msr 0:3ffe3001, primary cpu clock
[    0.000000] kvm-clock: using sched offset of 3424680527 cycles
[    0.000000] clocksource: kvm-clock: mask: 0xffffffffffffffff max_cycles: 0x1cd42e4dffb, max_idle_ns: 881590591483 ns
[    0.000000] Zone ranges:
[    0.000000]   DMA      [mem 0x0000000000001000-0x0000000000ffffff]
[    0.000000]   DMA32    [mem 0x0000000001000000-0x000000003ffeffff]
[    0.000000]   Normal   empty
[    0.000000]   Device   empty
[    0.000000] Movable zone start for each node
[    0.000000] Early memory node ranges
[    0.000000]   node   0: [mem 0x0000000000001000-0x000000000009efff]
[    0.000000]   node   0: [mem 0x0000000000100000-0x000000003ffeffff]
[    0.000000] Initmem setup node 0 [mem 0x0000000000001000-0x000000003ffeffff]
[    0.000000] ACPI: PM-Timer IO Port: 0x4008
[    0.000000] IOAPIC[0]: apic_id 2, version 32, address 0xfec00000, GSI 0-23
[    0.000000] ACPI: INT_SRC_OVR (bus 0 bus_irq 0 global_irq 2 dfl dfl)
[    0.000000] ACPI: INT_SRC_OVR (bus 0 bus_irq 9 global_irq 9 low level)
[    0.000000] Using ACPI (MADT) for SMP configuration information
[    0.000000] smpboot: Allowing 2 CPUs, 0 hotplug CPUs
[    0.000000] PM: Registered nosave memory: [mem 0x00000000-0x00000fff]
[    0.000000] PM: Registered nosave memory: [mem 0x0009f000-0x0009ffff]
[    0.000000] PM: Registered nosave memory: [mem 0x000a0000-0x000effff]
[    0.000000] PM: Registered nosave memory: [mem 0x000f0000-0x000fffff]
[    0.000000] e820: [mem 0x40000000-0xfebfffff] available for PCI devices
[    0.000000] Booting paravirtualized kernel on KVM
[    0.000000] clocksource: refined-jiffies: mask: 0xffffffff max_cycles: 0xffffffff, max_idle_ns: 7645519600211568 ns
[    0.000000] setup_percpu: NR_CPUS:512 nr_cpumask_bits:512 nr_cpu_ids:2 nr_node_ids:1
[    0.000000] PERCPU: Embedded 34 pages/cpu @ffff88003fc00000 s99608 r8192 d31464 u1048576
[    0.000000] PV qspinlock hash table entries: 256 (order: 0, 4096 bytes)
[    0.000000] Built 1 zonelists in Node order, mobility grouping on.  Total pages: 257912
[    0.000000] Policy zone: DMA32
[    0.000000] Kernel command line: BOOT_IMAGE=/boot/vmlinuz-4.4.0-141-generic root=LABEL=cloudimg-rootfs ro console=tty1 console=ttyS0
[    0.000000] PID hash table entries: 4096 (order: 3, 32768 bytes)
[    0.000000] Memory: 997700K/1048120K available (8568K kernel code, 1314K rwdata, 4008K rodata, 1528K init, 1316K bss, 50420K reserved, 0K cma-reserved)
[    0.000000] SLUB: HWalign=64, Order=0-3, MinObjects=0, CPUs=2, Nodes=1
[    0.000000] Kernel/User page tables isolation: enabled
[    0.000000] Hierarchical RCU implementation.
[    0.000000] 	Build-time adjustment of leaf fanout to 64.
[    0.000000] 	RCU restricting CPUs from NR_CPUS=512 to nr_cpu_ids=2.
[    0.000000] RCU: Adjusting geometry for rcu_fanout_leaf=64, nr_cpu_ids=2
[    0.000000] NR_IRQS:33024 nr_irqs:440 16
[    0.000000] Console: colour VGA+ 80x25
[    0.000000] console [tty1] enabled
[    0.000000] console [ttyS0] enabled
[    0.000000] tsc: Detected 2591.960 MHz processor
[    0.122379] Calibrating delay loop (skipped) preset value.. 5183.92 BogoMIPS (lpj=10367840)
[    0.124241] pid_max: default: 32768 minimum: 301
[    0.125063] ACPI: Core revision 20150930
[    0.127027] ACPI: 2 ACPI AML tables successfully acquired and loaded
[    0.128077] Security Framework initialized
[    0.128830] Yama: becoming mindful.
[    0.129505] AppArmor: AppArmor initialized
[    0.130231] Dentry cache hash table entries: 131072 (order: 8, 1048576 bytes)
[    0.132180] Inode-cache hash table entries: 65536 (order: 7, 524288 bytes)
[    0.133320] Mount-cache hash table entries: 2048 (order: 2, 16384 bytes)
[    0.134436] Mountpoint-cache hash table entries: 2048 (order: 2, 16384 bytes)
[    0.135632] Initializing cgroup subsys io
[    0.136354] Initializing cgroup subsys memory
[    0.137125] Initializing cgroup subsys devices
[    0.137884] Initializing cgroup subsys freezer
[    0.138693] Initializing cgroup subsys net_cls
[    0.139497] Initializing cgroup subsys perf_event
[    0.140250] Initializing cgroup subsys net_prio
[    0.141154] Initializing cgroup subsys hugetlb
[    0.142009] Initializing cgroup subsys pids
[    0.144092] mce: CPU supports 0 MCE banks
[    0.145701] Last level iTLB entries: 4KB 64, 2MB 8, 4MB 8
[    0.147293] Last level dTLB entries: 4KB 64, 2MB 0, 4MB 0, 1GB 4
[    0.148125] Spectre V2 : Mitigation: Full generic retpoline
[    0.149049] Spectre V2 : Spectre v2 mitigation: Speculation control IBPB not-supported IBRS not-supported
[    0.150337] Spectre V2 : Spectre v2 / SpectreRSB mitigation: Filling RSB on context switch
[    0.152065] Speculative Store Bypass: Vulnerable
[    0.155423] Freeing SMP alternatives memory: 32K
[    0.164601] ftrace: allocating 32291 entries in 127 pages
[    0.220497] smpboot: APIC(0) Converting physical 0 to logical package 0
[    0.221630] smpboot: Max logical packages: 1
[    0.222702] x2apic enabled
[    0.223396] Switched APIC routing to physical x2apic.
[    0.225431] ..TIMER: vector=0x30 apic1=0 pin1=2 apic2=-1 pin2=-1
[    0.333404] smpboot: CPU0: Intel(R) Core(TM) i7-6700HQ CPU @ 2.60GHz (family: 0x6, model: 0x5e, stepping: 0x3)
[    0.335409] Performance Events: unsupported p6 CPU model 94 no PMU driver, software events only.
[    0.337301] KVM setup paravirtual spinlock
[    0.338852] x86: Booting SMP configuration:
[    0.339660] .... node  #0, CPUs:      #1
[    0.340554] kvm-clock: cpu 1, msr 0:3ffe3041, secondary cpu clock
[    0.342659] mce: CPU supports 0 MCE banks
[    0.345094] x86: Booted up 1 node, 2 CPUs
[    0.346067] smpboot: Total of 2 processors activated (10367.84 BogoMIPS)
[    0.347874] devtmpfs: initialized
[    0.350149] evm: security.selinux
[    0.350775] evm: security.SMACK64
[    0.351416] evm: security.SMACK64EXEC
[    0.352015] evm: security.SMACK64TRANSMUTE
[    0.352799] evm: security.SMACK64MMAP
[    0.353511] evm: security.ima
[    0.354108] evm: security.capability
[    0.355006] clocksource: jiffies: mask: 0xffffffff max_cycles: 0xffffffff, max_idle_ns: 7645041785100000 ns
[    0.356488] futex hash table entries: 512 (order: 3, 32768 bytes)
[    0.357662] pinctrl core: initialized pinctrl subsystem
[    0.358743] RTC time: 21:50:56, date: 01/01/19
[    0.359758] NET: Registered protocol family 16
[    0.369261] cpuidle: using governor ladder
[    0.385534] cpuidle: using governor menu
[    0.386289] PCCT header not found.
[    0.387108] ACPI: bus type PCI registered
[    0.387819] acpiphp: ACPI Hot Plug PCI Controller Driver version: 0.5
[    0.388910] PCI: Using configuration type 1 for base access
[    0.402852] ACPI: Added _OSI(Module Device)
[    0.403641] ACPI: Added _OSI(Processor Device)
[    0.404396] ACPI: Added _OSI(3.0 _SCP Extensions)
[    0.405167] ACPI: Added _OSI(Processor Aggregator Device)
[    0.406819] ACPI: Executed 1 blocks of module-level executable AML code
[    0.410054] ACPI: Interpreter enabled
[    0.410780] ACPI: (supports S0 S5)
[    0.411425] ACPI: Using IOAPIC for interrupt routing
[    0.412397] PCI: Using host bridge windows from ACPI; if necessary, use "pci=nocrs" and report a bug
[    0.417090] ACPI: PCI Root Bridge [PCI0] (domain 0000 [bus 00-ff])
[    0.418062] acpi PNP0A03:00: _OSC: OS supports [ASPM ClockPM Segments MSI]
[    0.419387] acpi PNP0A03:00: _OSC: not requesting OS control; OS requires [ExtendedConfig ASPM ClockPM MSI]
[    0.420919] acpi PNP0A03:00: fail to add MMCONFIG information, can't access extended PCI configuration space under this bridge.
[    0.422971] PCI host bridge to bus 0000:00
[    0.423670] pci_bus 0000:00: root bus resource [io  0x0000-0x0cf7 window]
[    0.424756] pci_bus 0000:00: root bus resource [io  0x0d00-0xffff window]
[    0.426049] pci_bus 0000:00: root bus resource [mem 0x000a0000-0x000bffff window]
[    0.427530] pci_bus 0000:00: root bus resource [mem 0x40000000-0xfdffffff window]
[    0.428827] pci_bus 0000:00: root bus resource [bus 00-ff]
[    0.431122] pci 0000:00:01.1: legacy IDE quirk: reg 0x10: [io  0x01f0-0x01f7]
[    0.432213] pci 0000:00:01.1: legacy IDE quirk: reg 0x14: [io  0x03f6]
[    0.433196] pci 0000:00:01.1: legacy IDE quirk: reg 0x18: [io  0x0170-0x0177]
[    0.434240] pci 0000:00:01.1: legacy IDE quirk: reg 0x1c: [io  0x0376]
[    0.457017] pci 0000:00:07.0: quirk: [io  0x4000-0x403f] claimed by PIIX4 ACPI
[    0.458542] pci 0000:00:07.0: quirk: [io  0x4100-0x410f] claimed by PIIX4 SMB
[    0.466332] ACPI: PCI Interrupt Link [LNKA] (IRQs 5 9 10 *11)
[    0.467981] ACPI: PCI Interrupt Link [LNKB] (IRQs 5 9 *10 11)
[    0.469496] ACPI: PCI Interrupt Link [LNKC] (IRQs 5 *9 10 11)
[    0.470826] ACPI: PCI Interrupt Link [LNKD] (IRQs 5 9 10 *11)
[    0.472268] ACPI: Enabled 2 GPEs in block 00 to 07
[    0.473662] vgaarb: setting as boot device: PCI:0000:00:02.0
[    0.474643] vgaarb: device added: PCI:0000:00:02.0,decodes=io+mem,owns=io+mem,locks=none
[    0.476013] vgaarb: loaded
[    0.476582] vgaarb: bridge control possible 0000:00:02.0
[    0.477793] SCSI subsystem initialized
[    0.478707] ACPI: bus type USB registered
[    0.479393] usbcore: registered new interface driver usbfs
[    0.480221] usbcore: registered new interface driver hub
[    0.481018] usbcore: registered new device driver usb
[    0.482830] PCI: Using ACPI for IRQ routing
[    0.483772] NetLabel: Initializing
[    0.484367] NetLabel:  domain hash size = 128
[    0.485212] NetLabel:  protocols = UNLABELED CIPSOv4
[    0.486083] NetLabel:  unlabeled traffic allowed by default
[    0.487140] amd_nb: Cannot enumerate AMD northbridges
[    0.488033] clocksource: Switched to clocksource kvm-clock
[    0.494960] AppArmor: AppArmor Filesystem Enabled
[    0.495915] pnp: PnP ACPI init
[    0.497306] pnp: PnP ACPI: found 3 devices
[    0.506607] clocksource: acpi_pm: mask: 0xffffff max_cycles: 0xffffff, max_idle_ns: 2085701024 ns
[    0.508122] NET: Registered protocol family 2
[    0.509154] TCP established hash table entries: 8192 (order: 4, 65536 bytes)
[    0.510319] TCP bind hash table entries: 8192 (order: 5, 131072 bytes)
[    0.511451] TCP: Hash tables configured (established 8192 bind 8192)
[    0.512422] UDP hash table entries: 512 (order: 2, 16384 bytes)
[    0.513345] UDP-Lite hash table entries: 512 (order: 2, 16384 bytes)
[    0.514400] NET: Registered protocol family 1
[    0.515098] pci 0000:00:00.0: Limiting direct PCI/PCI transfers
[    0.515962] pci 0000:00:01.0: Activating ISA DMA hang workarounds
[    0.517003] Unpacking initramfs...
[    0.707507] Freeing initrd memory: 14804K
[    0.708630] platform rtc_cmos: registered platform RTC device (no PNP device found)
[    0.710122] Scanning for low memory corruption every 60 seconds
[    0.711716] audit: initializing netlink subsys (disabled)
[    0.712793] audit: type=2000 audit(1546379461.383:1): initialized
[    0.714059] Initialise system trusted keyring
[    0.715024] HugeTLB registered 2 MB page size, pre-allocated 0 pages
[    0.717487] zbud: loaded
[    0.719197] VFS: Disk quotas dquot_6.6.0
[    0.720676] VFS: Dquot-cache hash table entries: 512 (order 0, 4096 bytes)
[    0.722117] squashfs: version 4.0 (2009/01/31) Phillip Lougher
[    0.723333] fuse init (API version 7.23)
[    0.724230] Key type big_key registered
[    0.725039] Allocating IMA MOK and blacklist keyrings.
[    0.727296] Key type asymmetric registered
[    0.728166] Asymmetric key parser 'x509' registered
[    0.729205] Block layer SCSI generic (bsg) driver version 0.4 loaded (major 249)
[    0.730473] io scheduler noop registered
[    0.731171] io scheduler deadline registered (default)
[    0.732139] io scheduler cfq registered
[    0.732936] pci_hotplug: PCI Hot Plug PCI Core version: 0.5
[    0.733765] pciehp: PCI Express Hot Plug Controller Driver version: 0.4
[    0.734967] ACPI: AC Adapter [AC] (on-line)
[    0.735768] input: Power Button as /devices/LNXSYSTM:00/LNXPWRBN:00/input/input0
[    0.736996] ACPI: Power Button [PWRF]
[    0.737785] input: Sleep Button as /devices/LNXSYSTM:00/LNXSLPBN:00/input/input1
[    0.739027] ACPI: Sleep Button [SLPF]
[    0.740569] ACPI: Battery Slot [BAT0] (battery present)
[    0.741470] GHES: HEST is not enabled!
[    0.742371] Serial: 8250/16550 driver, 32 ports, IRQ sharing enabled
 	
 !"#$%&'()*+,-./0123456789:;<=>?@ABCDEFGHIJKLMNOPQRSTUVWXYZ[\]^_`abcdefghijklmnopqrstuvwxyz{|}~ÄÅÇÉÑÖÜáàâÒÚÛÙıˆ˜¯˘˙˚¸˝˛ˇ[    0.764520] 00:02: ttyS0 at I/O 0x3f8 (irq = 4, base_baud = 115200) is a 16550A
[    0.768935] Linux agpgart interface v0.103
[    0.771519] loop: module loaded
[    0.772693] scsi host0: ata_piix
[    0.773390] scsi host1: ata_piix
[    0.774117] ata1: PATA max UDMA/33 cmd 0x1f0 ctl 0x3f6 bmdma 0xd000 irq 14
[    0.775365] ata2: PATA max UDMA/33 cmd 0x170 ctl 0x376 bmdma 0xd008 irq 15
[    0.776753] libphy: Fixed MDIO Bus: probed
[    0.777542] tun: Universal TUN/TAP device driver, 1.6
[    0.778560] tun: (C) 1999-2004 Max Krasnyansky <maxk@qualcomm.com>
[    0.780159] PPP generic driver version 2.4.2
[    0.781204] ehci_hcd: USB 2.0 'Enhanced' Host Controller (EHCI) Driver
[    0.782472] ehci-pci: EHCI PCI platform driver
[    0.783388] ehci-platform: EHCI generic platform driver
[    0.785327] ohci_hcd: USB 1.1 'Open' Host Controller (OHCI) Driver
[    0.787521] ohci-pci: OHCI PCI platform driver
[    0.788551] ohci-platform: OHCI generic platform driver
[    0.789572] uhci_hcd: USB Universal Host Controller Interface driver
[    0.790917] i8042: PNP: PS/2 Controller [PNP0303:PS2K,PNP0f03:PS2M] at 0x60,0x64 irq 1,12
[    0.793232] serio: i8042 KBD port at 0x60,0x64 irq 1
[    0.794410] serio: i8042 AUX port at 0x60,0x64 irq 12
[    0.795677] mousedev: PS/2 mouse device common for all mice
[    0.797153] input: AT Translated Set 2 keyboard as /devices/platform/i8042/serio0/input/input2
[    0.799349] rtc_cmos rtc_cmos: rtc core: registered rtc_cmos as rtc0
[    0.800769] rtc_cmos rtc_cmos: alarms up to one day, 114 bytes nvram
[    0.802062] i2c /dev entries driver
[    0.802999] device-mapper: uevent: version 1.0.3
[    0.804298] device-mapper: ioctl: 4.34.0-ioctl (2015-10-28) initialised: dm-devel@redhat.com
[    0.806162] ledtrig-cpu: registered to indicate activity on CPUs
[    0.808243] NET: Registered protocol family 10
[    0.809456] NET: Registered protocol family 17
[    0.810228] Key type dns_resolver registered
[    0.811393] registered taskstats version 1
[    0.812153] Loading compiled-in X.509 certificates
[    0.813383] Loaded X.509 cert 'Build time autogenerated kernel key: 7c9fb337b82e5a343493fe891c556beae1895c7c'
[    0.814888] zswap: loaded using pool lzo/zbud
[    0.817488] Key type trusted registered
[    0.821545] Key type encrypted registered
[    0.822270] AppArmor: AppArmor sha1 policy hashing enabled
[    0.823134] ima: No TPM chip found, activating TPM-bypass!
[    0.824137] ima: Allocated hash algorithm: sha1
[    0.824882] evm: HMAC attrs: 0x1
[    0.825964]   Magic number: 3:60:853
[    0.826823] rtc_cmos rtc_cmos: setting system clock to 2019-01-01 21:50:57 UTC (1546379457)
[    0.828690] BIOS EDD facility v0.16 2004-Jun-25, 0 devices found
[    0.829717] EDD information not available.
[    0.935347] Freeing unused kernel memory: 1528K
[    0.938091] Write protecting the kernel read-only data: 14336k
[    0.942724] Freeing unused kernel memory: 1660K
[    0.946021] Freeing unused kernel memory: 88K
Loading, please wait...
starting version 229
[    0.989466] random: systemd-udevd: uninitialized urandom read (16 bytes read, 3 bits of entropy available)
[    0.992686] random: udevadm: uninitialized urandom read (16 bytes read, 3 bits of entropy available)
[    0.992755] random: udevadm: uninitialized urandom read (16 bytes read, 3 bits of entropy available)
[    1.002274] random: systemd-udevd: uninitialized urandom read (16 bytes read, 3 bits of entropy available)
[    1.004774] random: systemd-udevd: uninitialized urandom read (16 bytes read, 3 bits of entropy available)
[    1.006901] random: systemd-udevd: uninitialized urandom read (16 bytes read, 3 bits of entropy available)
[    1.009643] random: udevadm: uninitialized urandom read (16 bytes read, 3 bits of entropy available)
[    1.010322] random: systemd-udevd: uninitialized urandom read (16 bytes read, 3 bits of entropy available)
[    1.010340] random: systemd-udevd: uninitialized urandom read (16 bytes read, 3 bits of entropy available)
[    1.010347] random: systemd-udevd: uninitialized urandom read (16 bytes read, 3 bits of entropy available)
[    1.052250] e1000: Intel(R) PRO/1000 Network Driver - version 7.3.21-k8-NAPI
[    1.053598] e1000: Copyright (c) 1999-2006 Intel Corporation.
[    1.070813] Fusion MPT base driver 3.04.20
[    1.072129] Copyright (c) 1999-2008 LSI Corporation
[    1.085996] AVX2 version of gcm_enc/dec engaged.
[    1.086999] AES CTR mode by8 optimization enabled
[    1.088026] Fusion MPT SPI Host driver 3.04.20
[    1.298747] input: ImExPS/2 Generic Explorer Mouse as /devices/platform/i8042/serio1/input/input4
[    1.597222] e1000 0000:00:03.0 eth0: (PCI:33MHz:32-bit) 02:6c:72:8e:02:ff
[    1.600886] e1000 0000:00:03.0 eth0: Intel(R) PRO/1000 Network Connection
[    1.607097] mptbase: ioc0: Initiating bringup
[    1.607105] e1000 0000:00:03.0 enp0s3: renamed from eth0
[    1.676834] ioc0: LSI53C1030 A0: Capabilities={Initiator}
[    1.708243] tsc: Refined TSC clocksource calibration: 2592.698 MHz
[    1.711488] clocksource: tsc: mask: 0xffffffffffffffff max_cycles: 0x255f4a16ff3, max_idle_ns: 440795255910 ns
[    1.847905] scsi host2: ioc0: LSI53C1030 A0, FwRev=00000000h, Ports=1, MaxQ=256, IRQ=20
[    1.965332] scsi 2:0:0:0: Direct-Access     VBOX     HARDDISK         1.0  PQ: 0 ANSI: 5
[    1.972008] scsi target2:0:0: Beginning Domain Validation
[    1.981338] scsi target2:0:0: Domain Validation skipping write tests
[    1.985230] scsi target2:0:0: Ending Domain Validation
[    1.988560] scsi target2:0:0: asynchronous
[    1.993253] scsi 2:0:1:0: Direct-Access     VBOX     HARDDISK         1.0  PQ: 0 ANSI: 5
[    1.998267] scsi target2:0:1: Beginning Domain Validation
[    2.005988] scsi target2:0:1: Domain Validation skipping write tests
[    2.009350] scsi target2:0:1: Ending Domain Validation
[    2.026728] scsi target2:0:1: asynchronous
[    2.032050] sd 2:0:0:0: Attached scsi generic sg0 type 0
[    2.032966] sd 2:0:0:0: [sda] 20971520 512-byte logical blocks: (10.7 GB/10.0 GiB)
[    2.034516] sd 2:0:0:0: [sda] Write Protect is off
[    2.035375] sd 2:0:1:0: Attached scsi generic sg1 type 0
[    2.036228] sd 2:0:1:0: [sdb] 20480 512-byte logical blocks: (10.5 MB/10.0 MiB)
[    2.037541] sd 2:0:0:0: [sda] Incomplete mode parameter data
[    2.038471] sd 2:0:0:0: [sda] Assuming drive cache: write through
[    2.039544] sd 2:0:1:0: [sdb] Write Protect is off
[    2.040498] sd 2:0:1:0: [sdb] Incomplete mode parameter data
[    2.041362] sd 2:0:1:0: [sdb] Assuming drive cache: write through
[    2.043103]  sda: sda1
[    2.044176] sd 2:0:0:0: [sda] Attached SCSI disk
[    2.045460] sd 2:0:1:0: [sdb] Attached SCSI disk
Begin: Loading essential drivers ... [    3.373986] md: linear personality registered for level -1
[    3.377371] md: multipath personality registered for level -4
[    3.380371] md: raid0 personality registered for level 0
[    3.383633] md: raid1 personality registered for level 1
[    3.452104] raid6: sse2x1   gen() 10899 MB/s
[    3.520092] raid6: sse2x1   xor()  8116 MB/s
[    3.588105] raid6: sse2x2   gen() 13307 MB/s
[    3.656055] raid6: sse2x2   xor()  9330 MB/s
[    3.724053] raid6: sse2x4   gen() 15416 MB/s
[    3.792089] raid6: sse2x4   xor() 10269 MB/s
[    3.860102] raid6: avx2x1   gen() 22134 MB/s
[    3.928110] raid6: avx2x2   gen() 23197 MB/s
[    3.996121] raid6: avx2x4   gen() 26155 MB/s
[    3.996960] raid6: using algorithm avx2x4 gen() 26155 MB/s
[    3.997826] raid6: using avx2x2 recovery algorithm
[    4.000182] xor: automatically using best checksumming function:
[    4.065940]    avx       : 62397.000 MB/sec
[    4.068376] async_tx: api initialized (async)
[    4.079869] md: raid6 personality registered for level 6
[    4.080998] md: raid5 personality registered for level 5
[    4.081934] md: raid4 personality registered for level 4
[    4.087246] md: raid10 personality registered for level 10
done.
Begin: Running /scripts/init-premount ... done.
Begin: Mounting root file system ... Begin: Running /scripts/local-top ... done.
Begin: Running /scripts/local-premount ... [    4.113567] Btrfs loaded
Scanning for Btrfs filesystems
done.
Warning: fsck not present, so skipping root file system
[    4.151843] EXT4-fs (sda1): mounted filesystem with ordered data mode. Opts: (null)
done.
Begin: Running /scripts/local-bottom ... done.
Begin: Running /scripts/init-bottom ... done.
[    4.294996] systemd[1]: systemd 229 running in system mode. (+PAM +AUDIT +SELINUX +IMA +APPARMOR +SMACK +SYSVINIT +UTMP +LIBCRYPTSETUP +GCRYPT +GNUTLS +ACL +XZ -LZ4 +SECCOMP +BLKID +ELFUTILS +KMOD -IDN)
[    4.298076] systemd[1]: Detected virtualization oracle.
[    4.299011] systemd[1]: Detected architecture x86-64.

Welcome to [1mUbuntu 16.04.5 LTS[0m!

[    4.309235] systemd[1]: Set hostname to <ubuntu-xenial>.
[    4.617576] systemd[1]: Started Forward Password Requests to Wall Directory Watch.
[[0;32m  OK  [0m] Started Forward Password Requests to Wall Directory Watch.
[    4.625605] systemd[1]: Started Trigger resolvconf update for networkd DNS.
[[0;32m  OK  [0m] Started Trigger resolvconf update for networkd DNS.
[    4.632307] systemd[1]: Listening on Device-mapper event daemon FIFOs.
[[0;32m  OK  [0m] Listening on Device-mapper event daemon FIFOs.
[    4.637992] systemd[1]: Reached target User and Group Name Lookups.
[[0;32m  OK  [0m] Reached target User and Group Name Lookups.
[    4.644817] systemd[1]: Listening on udev Control Socket.
[[0;32m  OK  [0m] Listening on udev Control Socket.
[    4.648551] systemd[1]: Listening on Journal Audit Socket.
[[0;32m  OK  [0m] Listening on Journal Audit Socket.
[    4.651689] systemd[1]: Listening on LVM2 metadata daemon socket.
[[0;32m  OK  [0m] Listening on LVM2 metadata daemon socket.
[    4.654628] systemd[1]: Reached target Swap.
[[0;32m  OK  [0m] Reached target Swap.
[    4.656831] systemd[1]: Created slice System Slice.
[[0;32m  OK  [0m] Created slice System Slice.
[    4.658916] systemd[1]: Listening on Journal Socket (/dev/log).
[[0;32m  OK  [0m] Listening on Journal Socket (/dev/log).
[    4.661127] systemd[1]: Set up automount Arbitrary Executable File Formats File System Automount Point.
[[0;32m  OK  [0m] Set up automount Arbitrary Executab...ats File System Automount Point.
[    4.664153] systemd[1]: Created slice system-serial\x2dgetty.slice.
[[0;32m  OK  [0m] Created slice system-serial\x2dgetty.slice.
[    4.665876] systemd[1]: Listening on LVM2 poll daemon socket.
[[0;32m  OK  [0m] Listening on LVM2 poll daemon socket.
[    4.667739] systemd[1]: Created slice User and Session Slice.
[[0;32m  OK  [0m] Created slice User and Session Slice.
[    4.669399] systemd[1]: Reached target Slices.
[[0;32m  OK  [0m] Reached target Slices.
[    4.670762] systemd[1]: Listening on Journal Socket.
[[0;32m  OK  [0m] Listening on Journal Socket.
[    4.684310] systemd[1]: Starting Set console keymap...
         Starting Set console keymap...
[    4.686461] systemd[1]: Starting Remount Root and Kernel File Systems...
         Starting Remount Root and Kernel File Systems...
[    4.688991] systemd[1]: Starting Nameserver information manager...
         Starting Nameserver information manager...
[    4.692620] systemd[1]: Starting Uncomplicated firewall...
         Starting Uncomplicated firewall...
[    4.694949] systemd[1]: Mounting Debug File System...
         Mounting Debug File System...
[    4.696988] systemd[1]: Starting Monitoring of LVM2 mirrors, snapshots etc. using dmeventd or progress polling...
         Starting Monitoring of LVM2 mirrors... dmeventd or progress polling...
[    4.700390] systemd[1]: Mounting POSIX Message Queue File System...
         Mounting POSIX Message Queue File System...
[    4.702373] systemd[1]: Listening on udev Kernel Socket.
[[0;32m  OK  [0m] Listening on udev Kernel Socket.
[    4.704876] systemd[1]: Listening on Syslog Socket.
[[0;32m  OK  [0m] Listening on Syslog Socket.
[    4.709505] systemd[1]: Starting Journal Service...
         Starting Journal Service...
[    4.711580] EXT4-fs (sda1): re-mounted. Opts: (null)
[    4.719115] systemd[1]: Starting Load Kernel Modules...
         Starting Load Kernel Modules...
[    4.720835] systemd[1]: Reached target System Time Synchronized.
[[0;32m  OK  [0m] Reached target System Time Synchronized.
[    4.722901] systemd[1]: Mounting Huge Pages File System...
         Mounting Huge Pages File System...
[    4.725075] systemd[1]: Starting Create list of required static device nodes for the current kernel...
         Starting Create list of required st... nodes for the current kernel...
[    4.727627] systemd[1]: Listening on /dev/initctl Compatibility Named Pipe.
[[0;32m  OK  [0m] Listening on /dev/initctl Compatibility Named Pipe.
[    4.730128] systemd[1]: Reached target Encrypted Volumes.
[[0;32m  OK  [0m] Reached target Encrypted Volumes.
[    4.735549] systemd[1]: Mounted Huge Pages File System.
[[0;32m  OK  [0m] Mounted Huge Pages File System.
[    4.737595] systemd[1]: Mounted POSIX Message Queue File System.
[[0;32m  OK  [0m] Mounted POSIX Message Queue File System.
[    4.739422] Loading iSCSI transport class v2.0-870.
[    4.739463] systemd[1]: Mounted Debug File System.
[[0;32m  OK  [0m] Mounted Debug File System.
[    4.742405] systemd[1]: Started Remount Root and Kernel File Systems.
[[0;32m  OK  [0m] Started Remount Root and Kernel File Systems.
[    4.744959] systemd[1]: Started Uncomplicated firewall.
[[0;32m  OK  [0m] Started Uncomplicated firewall.
[    4.747535] systemd[1]: Started Create list of required static device nodes for the current kernel.
[[0;32m  OK  [0m] Started Create list of required sta...ce nodes for the current kernel.
[    4.750440] systemd[1]: Started Nameserver information manager.
[[0;32m  OK  [0m] Started Nameserver information manager.
[    4.757590] iscsi: registered transport (tcp)
[    4.768839] systemd[1]: Started Journal Service.
[[0;32m  OK  [0m] Started Journal Service.
[    4.801893] iscsi: registered transport (iser)
[[0;32m  OK  [0m] Started LVM2 metadata daemon.
         Starting Create Static Device Nodes in /dev...
         Starting Load/Save Random Seed...
         Starting Flush Journal to Persistent Storage...
         Starting udev Coldplug all Devices...
[[0;32m  OK  [0m] Started Set console keymap.
[[0;32m  OK  [0m] Started Load Kernel Modules.
[[0;32m  OK  [0m] Started Load/Save Random Seed.
[    4.831745] systemd-journald[388]: Received request to flush runtime journal from PID 1
         Mounting FUSE Control File System...
         Starting Apply Kernel Variables...
[[0;32m  OK  [0m] Mounted FUSE Control File System.
[[0;32m  OK  [0m] Started Create Static Device Nodes in /dev.
[[0;32m  OK  [0m] Started Flush Journal to Persistent Storage.
[[0;32m  OK  [0m] Started Apply Kernel Variables.
         Starting udev Kernel Device Manager...
[[0;32m  OK  [0m] Started udev Coldplug all Devices.
[[0;32m  OK  [0m] Started Monitoring of LVM2 mirrors,...ng dmeventd or progress polling.
[[0;32m  OK  [0m] Reached target Local File Systems (Pre).
[[0;32m  OK  [0m] Reached target Local File Systems.
         Starting Set console font and keymap...
         Starting Tell Plymouth To Write Out Runtime Data...
         Starting Initial cloud-init job (pre-networking)...
         Starting Create Volatile Files and Directories...
         Starting LSB: AppArmor initialization...
[[0;32m  OK  [0m] Started udev Kernel Device Manager.
[[0;32m  OK  [0m] Started Dispatch Password Requests to Console Directory Watch.
[[0;32m  OK  [0m] Started Tell Plymouth To Write Out Runtime Data.
[[0;32m  OK  [0m] Started Create Volatile Files and Directories.
         Starting Update UTMP about System Boot/Shutdown...
[[0;32m  OK  [0m] Started Update UTMP about System Boot/Shutdown.
[[0;32m  OK  [0m] Found device /dev/ttyS0.
[[0;32m  OK  [0m] Started LSB: AppArmor initialization.
[[0;32m  OK  [0m] Listening on Load/Save RF Kill Switch Status /dev/rfkill Watch.
[[0;32m  OK  [0m] Found device 82540EM Gigabit Ethern...r (PRO/1000 MT Desktop Adapter).
[[0;32m  OK  [0m] Started Set console font and keymap.
[[0;32m  OK  [0m] Created slice system-getty.slice.
[    5.704233] cloud-init[480]: Cloud-init v. 18.4-0ubuntu1~16.04.2 running 'init-local' at Tue, 01 Jan 2019 21:51:02 +0000. Up 5.43 seconds.
[[0;32m  OK  [0m] Started Initial cloud-init job (pre-networking).
[[0;32m  OK  [0m] Reached target Network (Pre).
         Starting Raise network interfaces...
[[0;32m  OK  [0m] Started ifup for enp0s3.
[[0;32m  OK  [0m] Started Raise network interfaces.
[[0;32m  OK  [0m] Reached target Network.
         Starting Initial cloud-init job (metadata service crawler)...
[    6.366830] cloud-init[950]: Cloud-init v. 18.4-0ubuntu1~16.04.2 running 'init' at Tue, 01 Jan 2019 21:51:03 +0000. Up 6.14 seconds.
[    6.368532] cloud-init[950]: ci-info: +++++++++++++++++++++++++++++++++++++Net device info++++++++++++++++++++++++++++++++++++++
[    6.369954] cloud-init[950]: ci-info: +--------+------+---------------------------+---------------+--------+-------------------+
[    6.371570] cloud-init[950]: ci-info: | Device |  Up  |          Address          |      Mask     | Scope  |     Hw-Address    |
[    6.373165] cloud-init[950]: ci-info: +--------+------+---------------------------+---------------+--------+-------------------+
[    6.375226] cloud-init[950]: ci-info: | enp0s3 | True |         10.0.2.15         | 255.255.255.0 | global | 02:6c:72:8e:02:ff |
[    6.377011] cloud-init[950]: ci-info: | enp0s3 | True | fe80::6c:72ff:fe8e:2ff/64 |       .       |  link  | 02:6c:72:8e:02:ff |
[    6.378828] cloud-init[950]: ci-info: |   lo   | True |         127.0.0.1         |   255.0.0.0   |  host  |         .         |
[    6.380617] cloud-init[950]: ci-info: |   lo   | True |          ::1/128          |       .       |  host  |         .         |
[    6.382225] cloud-init[950]: ci-info: +--------+------+---------------------------+---------------+--------+-------------------+
[    6.383866] cloud-init[950]: ci-info: +++++++++++++++++++++++++++Route IPv4 info++++++++++++++++++++++++++++
[    6.385248] cloud-init[950]: ci-info: +-------+-------------+----------+---------------+-----------+-------+
[    6.388368] cloud-init[950]: ci-info: | Route | Destination | Gateway  |    Genmask    | Interface | Flags |
[    6.389938] cloud-init[950]: ci-info: +-------+-------------+----------+---------------+-----------+-------+
[    6.391233] cloud-init[950]: ci-info: |   0   |   0.0.0.0   | 10.0.2.2 |    0.0.0.0    |   enp0s3  |   UG  |
[    6.392494] cloud-init[950]: ci-info: |   1   |   10.0.2.0  | 0.0.0.0  | 255.255.255.0 |   enp0s3  |   U   |
[    6.393692] cloud-init[950]: ci-info: +-------+-------------+----------+---------------+-----------+-------+
[    6.394847] cloud-init[950]: ci-info: +++++++++++++++++++Route IPv6 info+++++++++++++++++++
[    6.395950] cloud-init[950]: ci-info: +-------+-------------+---------+-----------+-------+
[    6.397346] cloud-init[950]: ci-info: | Route | Destination | Gateway | Interface | Flags |
[    6.398738] cloud-init[950]: ci-info: +-------+-------------+---------+-----------+-------+
[    6.404147] cloud-init[950]: ci-info: |   0   |  fe80::/64  |    ::   |   enp0s3  |   U   |
[    6.405237] cloud-init[950]: ci-info: |   3   |   ff00::/8  |    ::   |   enp0s3  |   U   |
[    6.406519] cloud-init[950]: ci-info: +-------+-------------+---------+-----------+-------+
[[0;32m  OK  [0m] Started Initial cloud-init job (metadata service crawler).
[[0;32m  OK  [0m] Reached target Network is Online.
         Starting iSCSI initiator daemon (iscsid)...
[[0;32m  OK  [0m] Reached target System Initialization.
[[0;32m  OK  [0m] Listening on ACPID Listen Socket.
[[0;32m  OK  [0m] Started Daily apt download activities.
[[0;32m  OK  [0m] Started Daily apt upgrade and clean activities.
[[0;32m  OK  [0m] Listening on UUID daemon activation socket.
[[0;32m  OK  [0m] Listening on D-Bus System Message Bus Socket.
[[0;32m  OK  [0m] Started ACPI Events Check.
[[0;32m  OK  [0m] Reached target Paths.
         Starting Socket activation for snappy daemon.
         Starting LXD - unix socket.
[[0;32m  OK  [0m] Started Daily Cleanup of Temporary Directories.
[[0;32m  OK  [0m] Reached target Timers.
[[0;32m  OK  [0m] Reached target Cloud-config availability.
[[0;32m  OK  [0m] Listening on Socket activation for snappy daemon.
[[0;32m  OK  [0m] Listening on LXD - unix socket.
[[0;32m  OK  [0m] Started iSCSI initiator daemon (iscsid).
         Starting Login to default iSCSI targets...
[[0;32m  OK  [0m] Reached target Sockets.
[[0;32m  OK  [0m] Reached target Basic System.
[[0;32m  OK  [0m] Started Deferred execution scheduler.
         Starting Accounts Service...
[[0;32m  OK  [0m] Started Regular background program processing daemon.
[[0;32m  OK  [0m] Started ACPI event daemon.
         Starting LSB: Record successful boot for GRUB...
         Starting Docker Application Container Engine...
         Starting Login Service...
[[0;32m  OK  [0m] Started Unattended Upgrades Shutdown.
         Starting LXD - container startup/shutdown...
[[0;32m  OK  [0m] Started D-Bus System Message Bus.
         Starting /etc/rc.local Compatibility...
         Starting containerd container runtime...
[[0;32m  OK  [0m] Started FUSE filesystem for LXC.
         Starting OpenBSD Secure Shell server...
         Starting Virtualbox guest utils...
         Starting LSB: MD monitoring daemon...
         Starting System Logging Service...
         Starting Snappy daemon...
[[0;32m  OK  [0m] Started /etc/rc.local Compatibility.
[[0;32m  OK  [0m] Started containerd container runtime.
[[0;32m  OK  [0m] Started Login to default iSCSI targets.
[[0;32m  OK  [0m] Started System Logging Service.
[[0;32m  OK  [0m] Started LSB: Record successful boot for GRUB.
[[0;32m  OK  [0m] Started Login Service.
         Starting Authenticate and Authorize Users to Run Privileged Tasks...
[[0;32m  OK  [0m] Reached target Remote File Systems (Pre).
[[0;32m  OK  [0m] Reached target Remote File Systems.
         Starting LSB: daemon to balance interrupts for SMP systems...
         Starting LSB: Set the CPU Frequency Scaling governor to "ondemand"...
         Starting Permit User Sessions...
         Starting LSB: automatic crash report generation...
[[0;32m  OK  [0m] Started Permit User Sessions.
[[0;32m  OK  [0m] Started OpenBSD Secure Shell server.
[[0;32m  OK  [0m] Started LSB: MD monitoring daemon.
         Starting Hold until boot process finishes up...
         Starting Terminate Plymouth Boot Screen...
[[0;32m  OK  [0m] Started LSB: Set the CPU Frequency Scaling governor to "ondemand".
[[0;32m  OK  [0m] Started Hold until boot process finishes up.
[[0;32m  OK  [0m] Started Terminate Plymouth Boot Screen.
[[0;32m  OK  [0m] Started Getty on tty1.
         Starting Set console scheme...
[[0;32m  OK  [0m] Started Serial Getty on ttyS0.
[[0;32m  OK  [0m] Reached target Login Prompts.
[[0;32m  OK  [0m] Started Set console scheme.
[[0;32m  OK  [0m] Started Authenticate and Authorize Users to Run Privileged Tasks.
[[0;32m  OK  [0m] Started Accounts Service.
[[0;32m  OK  [0m] Started LSB: daemon to balance interrupts for SMP systems.
[[0;32m  OK  [0m] Started LSB: automatic crash report generation.
[[0;32m  OK  [0m] Started Virtualbox guest utils.
[[0;32m  OK  [0m] Started LXD - container startup/shutdown.
[[0;32m  OK  [0m] Started Snappy daemon.
         Starting Wait until snapd is fully seeded...
[[0;32m  OK  [0m] Started Wait until snapd is fully seeded.
         Starting Apply the settings specified in cloud-config...
[    7.594583] cloud-init[1212]: Cloud-init v. 18.4-0ubuntu1~16.04.2 running 'modules:config' at Tue, 01 Jan 2019 21:51:04 +0000. Up 7.50 seconds.
[[0;32m  OK  [0m] Started Apply the settings specified in cloud-config.
[[0;32m  OK  [0m] Started Docker Application Container Engine.
[[0;32m  OK  [0m] Reached target Multi-User System.
         Starting Execute cloud user/final scripts...
[[0;32m  OK  [0m] Reached target Graphical Interface.
         Starting Update UTMP about System Runlevel Changes...
[[0;32m  OK  [0m] Started Update UTMP about System Runlevel Changes.
[    9.522338] cloud-init[1586]: Cloud-init v. 18.4-0ubuntu1~16.04.2 running 'modules:final' at Tue, 01 Jan 2019 21:51:06 +0000. Up 9.44 seconds.
[    9.523803] cloud-init[1586]: Cloud-init v. 18.4-0ubuntu1~16.04.2 finished at Tue, 01 Jan 2019 21:51:06 +0000. Datasource DataSourceNoCloud [seed=/dev/sdb][dsmode=net].  Up 9.51 seconds
[[0;32m  OK  [0m] Started Execute cloud user/final scripts.
[[0;32m  OK  [0m] Reached target Cloud-init target.

Ubuntu 16.04.5 LTS ubuntu-xenial ttyS0

ubuntu-xenial login: [[0;32m  OK  [0m] Stopped target Cloud-init target.
         Stopping ACPI event daemon...
         Stopping User Manager for UID 1000...
[[0;32m  OK  [0m] Closed Load/Save RF Kill Switch Status /dev/rfkill Watch.
[[0;32m  OK  [0m] Stopped Execute cloud user/final scripts.
[[0;32m  OK  [0m] Stopped Apply the settings specified in cloud-config.
[[0;32m  OK  [0m] Stopped target Cloud-config availability.
[[0;32m  OK  [0m] Stopped target Graphical Interface.
[[0;32m  OK  [0m] Stopped target Multi-User System.
[[0;32m  OK  [0m] Stopped Wait until snapd is fully seeded.
         Stopping Deferred execution scheduler...
         Stopping Snappy daemon...
         Stopping Regular background program processing daemon...
         Stopping FUSE filesystem for LXC...
         Stopping Docker Application Container Engine...
         Stopping D-Bus System Message Bus...
         Stopping System Logging Service...
         Stopping LXD - container startup/shutdown...
         Stopping LSB: daemon to balance interrupts for SMP systems...
         Stopping LSB: Record successful boot for GRUB...
         Stopping LSB: automatic crash report generation...
         Stopping Accounts Service...
         Stopping LSB: Set the CPU Frequency Scaling governor to "ondemand"...
         Stopping OpenBSD Secure Shell server...
[[0;32m  OK  [0m] Stopped target Login Prompts.
         Stopping Getty on tty1...
         Stopping Virtualbox guest utils...
         Stopping Authenticate and Authorize Users to Run Privileged Tasks...
         Stopping LSB: MD monitoring daemon...
         Stopping containerd container runtime...
[[0;32m  OK  [0m] Stopped target Timers.
[[0;32m  OK  [0m] Stopped Daily apt upgrade and clean activities.
[[0;32m  OK  [0m] Stopped Daily apt download activities.
[[0;32m  OK  [0m] Stopped target System Time Synchronized.
[[0;32m  OK  [0m] Stopped Daily Cleanup of Temporary Directories.
         Stopping Serial Getty on ttyS0...
         Stopping Session 2 of user vagrant.
         Stopping Unattended Upgrades Shutdown...
[[0;32m  OK  [0m] Unmounted /var/lib/lxcfs.
[[0;32m  OK  [0m] Stopped Deferred execution scheduler.
[[0;32m  OK  [0m] Stopped Accounts Service.
[[0;32m  OK  [0m] Stopped Regular background program processing daemon.
[[0;32m  OK  [0m] Stopped System Logging Service.
[[0;32m  OK  [0m] Stopped Snappy daemon.
[[0;32m  OK  [0m] Stopped Authenticate and Authorize Users to Run Privileged Tasks.
[[0;32m  OK  [0m] Stopped OpenBSD Secure Shell server.
[[0;32m  OK  [0m] Stopped Getty on tty1.
[[0;32m  OK  [0m] Stopped ACPI event daemon.
[[0;32m  OK  [0m] Stopped containerd container runtime.
[[0;32m  OK  [0m] Stopped Serial Getty on ttyS0.
[[0;32m  OK  [0m] Stopped User Manager for UID 1000.
[[0;32m  OK  [0m] Stopped D-Bus System Message Bus.
[[0;32m  OK  [0m] Stopped Session 2 of user vagrant.
[[0;32m  OK  [0m] Stopped FUSE filesystem for LXC.
[[0;32m  OK  [0m] Stopped LXD - container startup/shutdown.
[[0;32m  OK  [0m] Stopped LSB: Record successful boot for GRUB.
[[0;32m  OK  [0m] Stopped LSB: daemon to balance interrupts for SMP systems.
[[0;32m  OK  [0m] Stopped LSB: Set the CPU Frequency Scaling governor to "ondemand".
[[0;32m  OK  [0m] Stopped Virtualbox guest utils.
[[0;32m  OK  [0m] Stopped LSB: automatic crash report generation.
[[0;32m  OK  [0m] Stopped LSB: MD monitoring daemon.
[[0;32m  OK  [0m] Removed slice User Slice of vagrant.
         Stopping Login Service...
[[0;32m  OK  [0m] Removed slice system-serial\x2dgetty.slice.
[[0;32m  OK  [0m] Stopped /etc/rc.local Compatibility.
[[0;32m  OK  [0m] Removed slice system-getty.slice.
         Stopping Permit User Sessions...
[[0;32m  OK  [0m] Stopped Permit User Sessions.
[[0;32m  OK  [0m] Stopped target Remote File Systems.
[[0;32m  OK  [0m] Stopped target Remote File Systems (Pre).
         Stopping Login to default iSCSI targets...
[[0;32m  OK  [0m] Stopped Unattended Upgrades Shutdown.
[[0;32m  OK  [0m] Stopped Login Service.
[[0;32m  OK  [0m] Stopped target User and Group Name Lookups.
[[0;32m  OK  [0m] Stopped Login to default iSCSI targets.
         Stopping iSCSI initiator daemon (iscsid)...
[[0;32m  OK  [0m] Stopped iSCSI initiator daemon (iscsid).
[[0;32m  OK  [0m] Stopped Docker Application Container Engine.
[[0;32m  OK  [0m] Stopped target Network is Online.
[[0;32m  OK  [0m] Stopped target Network.
[[0;32m  OK  [0m] Stopped target Basic System.
[[0;32m  OK  [0m] Stopped target Sockets.
[[0;32m  OK  [0m] Closed Syslog Socket.
[[0;32m  OK  [0m] Closed UUID daemon activation socket.
[[0;32m  OK  [0m] Closed D-Bus System Message Bus Socket.
[[0;32m  OK  [0m] Closed ACPID Listen Socket.
[[0;32m  OK  [0m] Closed LXD - unix socket.
[[0;32m  OK  [0m] Closed Socket activation for snappy daemon.
[[0;32m  OK  [0m] Stopped target Slices.
[[0;32m  OK  [0m] Removed slice User and Session Slice.
[[0;32m  OK  [0m] Stopped target Paths.
[[0;32m  OK  [0m] Stopped Dispatch Password Requests to Console Directory Watch.
[[0;32m  OK  [0m] Stopped ACPI Events Check.
[[0;32m  OK  [0m] Stopped Forward Password Requests to Wall Directory Watch.
[[0;32m  OK  [0m] Stopped target System Initialization.
         Stopping Update UTMP about System Boot/Shutdown...
         Stopping Load/Save Random Seed...
[[0;32m  OK  [0m] Stopped target Encrypted Volumes.
[[0;32m  OK  [0m] Stopped Initial cloud-init job (metadata service crawler).
         Stopping Raise network interfaces...
[[0;32m  OK  [0m] Stopped target Swap.
[[0;32m  OK  [0m] Stopped Load/Save Random Seed.
[[0;32m  OK  [0m] Stopped Update UTMP about System Boot/Shutdown.
[[0;32m  OK  [0m] Stopped Create Volatile Files and Directories.
[[0;32m  OK  [0m] Stopped Raise network interfaces.
[[0;32m  OK  [0m] Stopped Apply Kernel Variables.
[[0;32m  OK  [0m] Stopped Load Kernel Modules.
[[0;32m  OK  [0m] Stopped target Local File Systems.
         Unmounting /var/lib/docker/containe...3e9e151aa8404aee3b/mounts/shm...
         Unmounting /var/lib/docker/containe...64c0a7af60fda6c0c5/mounts/shm...
         Unmounting /run/user/1000...
         Unmounting /vagrant...
         Unmounting /run/docker/netns/882bc58b2577...
         Unmounting /run/docker/netns/2807a0a500b6...
         Unmounting /var/lib/docker/overlay2...933e02867fdb57a0f2071e/merged...
         Unmounting /var/lib/docker/overlay2...e64ddfd428c06208f10114/merged...
         Unmounting /var/lib/docker/containe...678e6d13bfd99255a7/mounts/shm...
         Unmounting /run/docker/netns/003e9fe6b9fa...
         Unmounting /run/docker/netns/8da3b922a99a...
         Unmounting /var/lib/docker/containe...dd996ec8fdab4b3628/mounts/shm...
         Unmounting /var/lib/docker/overlay2...6f00208047ee33f48246f8/merged...
         Unmounting /var/lib/docker/overlay2...7cf26a3675f99bb9316f81/merged...
         Unmounting /var/lib/docker/containe...bc815fd3628832e32f/mounts/shm...
         Unmounting /run/docker/netns/cb9d25e4bc27...
         Unmounting /var/lib/docker/overlay2...3ea741acbaf361eef4f708/merged...
[[0;32m  OK  [0m] Stopped target Network (Pre).
[[0;32m  OK  [0m] Stopped Initial cloud-init job (pre-networking).
[[0;32m  OK  [0m] Unmounted /var/lib/docker/container...e43e9e151aa8404aee3b/mounts/shm.
[[0;32m  OK  [0m] Unmounted /var/lib/docker/container...8164c0a7af60fda6c0c5/mounts/shm.
[[0;32m  OK  [0m] Unmounted /run/user/1000.
[[0;32m  OK  [0m] Unmounted /vagrant.
[[0;32m  OK  [0m] Unmounted /var/lib/docker/container...fa678e6d13bfd99255a7/mounts/shm.
[[0;32m  OK  [0m] Unmounted /run/docker/netns/8da3b922a99a.
[[0;32m  OK  [0m] Unmounted /var/lib/docker/container...aabc815fd3628832e32f/mounts/shm.
[[0;32m  OK  [0m] Unmounted /run/docker/netns/882bc58b2577.
[[0;32m  OK  [0m] Unmounted /run/docker/netns/003e9fe6b9fa.
[[0;32m  OK  [0m] Unmounted /var/lib/docker/container...37dd996ec8fdab4b3628/mounts/shm.
[[0;32m  OK  [0m] Unmounted /run/docker/netns/2807a0a500b6.
[[0;32m  OK  [0m] Unmounted /var/lib/docker/overlay2/...c0933e02867fdb57a0f2071e/merged.
[[0;32m  OK  [0m] Unmounted /var/lib/docker/overlay2/...36e64ddfd428c06208f10114/merged.
[[0;32m  OK  [0m] Unmounted /var/lib/docker/overlay2/...707cf26a3675f99bb9316f81/merged.
[[0;32m  OK  [0m] Unmounted /var/lib/docker/overlay2/...3c6f00208047ee33f48246f8/merged.
[[0;32m  OK  [0m] Unmounted /run/docker/netns/cb9d25e4bc27.
[[0;32m  OK  [0m] Unmounted /var/lib/docker/overlay2/...fb3ea741acbaf361eef4f708/merged.
[[0;32m  OK  [0m] Reached target Unmount All Filesystems.
[[0;32m  OK  [0m] Stopped target Local File Systems (Pre).
[[0;32m  OK  [0m] Stopped Create Static Device Nodes in /dev.
         Stopping Monitoring of LVM2 mirrors... dmeventd or progress polling...
[[0;32m  OK  [0m] Stopped Remount Root and Kernel File Systems.
[[0;32m  OK  [0m] Reached target Shutdown.
[  145.207528] reboot: Power down
