[    0.000000] Initializing cgroup subsys cpuset
[    0.000000] Initializing cgroup subsys cpu
[    0.000000] Initializing cgroup subsys cpuacct
[    0.000000] Linux version 4.4.0-141-generic (buildd@lcy01-amd64-027) (gcc version 5.4.0 20160609 (Ubuntu 5.4.0-6ubuntu1~16.04.10) ) #167-Ubuntu SMP Wed Dec 5 10:38:08 UTC 2018 (Ubuntu 4.4.0-141.167-generic 4.4.162)
[    0.000000] KERNEL supported cpus:
[    0.000000]   Intel GenuineIntel
[    0.000000]   AMD AuthenticAMD
[    0.000000]   NSC Geode by NSC
[    0.000000]   Cyrix CyrixInstead
[    0.000000]   Centaur CentaurHauls
[    0.000000]   Transmeta GenuineTMx86
[    0.000000]   Transmeta TransmetaCPU
[    0.000000]   UMC UMC UMC UMC
[    0.000000] x86/fpu: Legacy x87 FPU detected.
[    0.000000] e820: BIOS-provided physical RAM map:
[    0.000000] BIOS-e820: [mem 0x0000000000000000-0x000000000009fbff] usable
[    0.000000] BIOS-e820: [mem 0x000000000009fc00-0x000000000009ffff] reserved
[    0.000000] BIOS-e820: [mem 0x00000000000f0000-0x00000000000fffff] reserved
[    0.000000] BIOS-e820: [mem 0x0000000000100000-0x000000001ffeffff] usable
[    0.000000] BIOS-e820: [mem 0x000000001fff0000-0x000000001fffffff] ACPI data
[    0.000000] BIOS-e820: [mem 0x00000000fec00000-0x00000000fec00fff] reserved
[    0.000000] BIOS-e820: [mem 0x00000000fee00000-0x00000000fee00fff] reserved
[    0.000000] BIOS-e820: [mem 0x00000000fffc0000-0x00000000ffffffff] reserved
[    0.000000] Notice: NX (Execute Disable) protection missing in CPU!
[    0.000000] SMBIOS 2.5 present.
[    0.000000] Hypervisor detected: KVM
[    0.000000] e820: last_pfn = 0x1fff0 max_arch_pfn = 0x1000000
[    0.000000] MTRR: Disabled
[    0.000000] x86/PAT: MTRRs disabled, skipping PAT initialization too.
[    0.000000] CPU MTRRs all blank - virtualized system.
[    0.000000] x86/PAT: Configuration [0-7]: WB  WT  UC- UC  WB  WT  UC- UC  
[    0.000000] found SMP MP-table at [mem 0x0009fff0-0x0009ffff] mapped at [c009fff0]
[    0.000000] Scanning 1 areas for low memory corruption
[    0.000000] RAMDISK: [mem 0x1e99e000-0x1f7adfff]
[    0.000000] ACPI: Early table checksum verification disabled
[    0.000000] ACPI: RSDP 0x00000000000E0000 000024 (v02 VBOX  )
[    0.000000] ACPI: XSDT 0x000000001FFF0030 00003C (v01 VBOX   VBOXXSDT 00000001 ASL  00000061)
[    0.000000] ACPI: FACP 0x000000001FFF00F0 0000F4 (v04 VBOX   VBOXFACP 00000001 ASL  00000061)
[    0.000000] ACPI: DSDT 0x000000001FFF0470 0021FF (v02 VBOX   VBOXBIOS 00000002 INTL 20180105)
[    0.000000] ACPI: FACS 0x000000001FFF0200 000040
[    0.000000] ACPI: FACS 0x000000001FFF0200 000040
[    0.000000] ACPI: APIC 0x000000001FFF0240 000054 (v02 VBOX   VBOXAPIC 00000001 ASL  00000061)
[    0.000000] ACPI: SSDT 0x000000001FFF02A0 0001CC (v01 VBOX   VBOXCPUT 00000002 INTL 20180105)
[    0.000000] 0MB HIGHMEM available.
[    0.000000] 511MB LOWMEM available.
[    0.000000]   mapped low ram: 0 - 1fff0000
[    0.000000]   low ram: 0 - 1fff000

  0.000]vmlo: in ms 5601ndb5d0
[    0.000000] kvm-clock: cpu 0, msr 0:1ffef001, primary cpu clock
[    0.000000] kvm-clock: using sched offset of 11709284311 cycles
[    0.000000] clocksource: kvm-clock: mask: 0xffffffffffffffff max_cycles: 0x1cd42e4dffb, max_idle_ns: 881590591483 ns
[    0.000000] Zone ranges:
[    0.000000]   DMA      [mem 0x0000000000001000-0x0000000000ffffff]
[    0.000000]   Normal   [mem 0x0000000001000000-0x000000001ffeffff]
[    0.000000]   HighMem  empty
[    0.000000] Movable zone start for each node
[    0.000000] Early memory node ranges
[    0.000000]   node   0: [mem 0x0000000000001000-0x000000000009efff]
[    0.000000]   node   0: [mem 0x0000000000100000-0x000000001ffeffff]
[    0.000000] Initmem setup node 0 [mem 0x0000000000001000-0x000000001ffeffff]
[  00000]sig ICrir fat[  0000]AC: -TerIO rt 040

[    0.000000] IOAPIC[0]: apic_id 1, version 32, address 0xfec00000, GSI 0-23
[    0.000000] ACPI: INT_SRC_OVR (bus 0 bus_irq 0 global_irq 2 dfl dfl)
[    0.000000] ACPI: INT_SRC_OVR (bus 0 bus_irq 9 global_irq 9 low level)
[    0.000000] Using ACPI (MADT) for SMP configuration information
[    0.000000] smpboot: Allowing 1 CPUs, 0 hotplug CPUs
[    0.000000] PM: Registered nosave memory: [mem 0x00000000-0x00000fff]
[    0.000000] PM: Registered nosave memory: [mem 0x0009f000-0x0009ffff]
[    0.000000] PM: Registered nosave memory: [mem 0x000a0000-0x000effff]
[    0.000000] PM: Registered nosave memory: [mem 0x000f0000-0x000fffff]
[    0.000000] e820: [mem 0x20000000-0xbfffff] available for PCI devices

[    0.000000] Booting paravirtualized kernel on KVM
[    0.000000] clocksource: refined-jiffies: mask: 0xffffffff max_cycles: 0xffffffff, max_idle_ns: 7645519600211568 ns
[    0.000000] setup_percpu: NR_CPUS:8 nr_cpumask_bits:8 nr_cpu_ids:1 nr_node_ids:1
[    0.000000] PERCPU: Embedded 19 pages/cpu @dfac1000 s47436 r0 d30388 u77824
[    0.000000] PV qspinlock hash table entries: 512 (orde 040 bte
[  0.00] il 1oniss  Ze rd, bityropi o  ot pes1278

[    0.000000] Kernel command line: BOOT_IMAGE=/boot/vmlinuz-4.4.0-141-generic root=LABEL=cloudimg-rootfs ro console=tty1 console=ttyS0
[    0.000000] PID hash table entries: 2048 (order: 1, 8192 bytes)
[    0.000000] Dentry cache hash table entries: 65536 (order: 6, 262144 bytes)
[    0.000000] Inode-cache hash table entries: 32768 (order: 5, 131072 bytes)
[    0.000000] Initializing CPU#0
[    0.000000] Initializing HighMem for node 0 (00000000:00000000)
[    0.000000] Memory: 489756K/523832K available (8052K kernel code, 778K rwdata, 3180K rodata, 952K init, 800K bss, 34076K reserved, 0K cma-reserved, 0K highmem)
[    0.000000] virtual kernel memory layout:
[    0.000000]     fixmap  : 0xfff15000 - 0xfffff000   ( 936 kB)
[    0.000000]     pkmap   : 0xffc00000 - 0xffe00000   (2048 kB)
[    0.000000]     vmalloc : 0xe07f0000 - 0xffbfe000   ( 500 MB)
[    0.000000]     lowmem  : 0xc0000000 - 0xdfff0000   ( 511 MB)
[    0.000000]       .init : 0xc1bbe000 - 0xc1cac000   ( 952 kB)
[    0.000000]       .data : 0xc17dd3c4 - 0xc1bbc9c0   (3965 kB)
[    0.000000]       .text : 0xc1000000 - 0xc17dd3c4   (8052 kB)
[    0.000000] Checking if this processor honours the WP bit even in supervisor mode...Ok
    0.00000] SLUB: HWalign=64, Order=0-3, MinObjects=0, CPUs=1, Nodes=1

[    0.000000] Hierarchical RCU implementation.
[    0.000000] 	Build-time adjustment of leaf fanout to 32.
[    0.000000] 	RCU restricting CPUs from NR_CPUS=8 to nr_cpu_ids=1.
[    0.000000] RCU: Adjusting geometry for rcu_fanout_leaf=32, nr_cpu_ids=1
[    0.000000] NR_IRQS:2304 nr_irqs:256 16
[    0.000000] Console: colour VGA+ 80x25
[    0.000000] console [tty1] enabled
[    0.000000] console [ttyS0] enabled
[    0.000000] allocated 524288 bytes of page_ext
[    0.000000] tsc: Detected 2591.346 MHz processor
[    0.912641] Calibrating delay loop (skipped) preset value.. 5182.69 BogoMIPS (lpj=10365384)
[    0.948904] pid_max: default: 32768 minimum: 301
[    0.950158] ACPI: Core revision 20150930
[    1.121509] ACPI: 2 ACPI AML tables successfully acquired and loaded
[    1.126323] Security Framework initialized
[    1.127299] Yama: becoming mindful.
[    1.130100] AppArmor: AppArmor initialized
[    1.130120] Mount-cache hash table entries: 1024 (order: 0, 4096 bytes)
[    1.131928] Mountpoint-cache hash table entries: 1024 (order: 0, 4096 bytes)
[    1.150679] Initializing cgroup subsys io
[    1.152226] Initializing cgroup subsys memory
[    1.153814] Initializing cgroup subsys devices
[    1.155070] Initializing cgroup subsys freezer
[    1.156283] Initializing cgroup subsys net_cls
[    1.168552] Initializing cgroup subsys perf_event
[    1.310880] Initializing cgroup subsys net_prio
[    1.443669] Initialzing cgroup subsyshugetlb
[    1.571725] Initializing cgroup subsys ids
[    1.697615] mce: CP supports 0 MCE banks
[    1.817178] Last level iTLB entries: 4B 64, 2MB 8, 4MB 8
[    1.94109] Last level dLB entries: 4K 64, 2MB 0, 4MB 0, 1GB 4
[   2.157711] Spectre V2  Mitigation: Full eneric retpoline
[   2.320462] Spectre V2 : Spectre v2 mitigation: Speclation control IBB not-supported IBRS notsupported
[    2.590544 Spectre V2 : Spectre v2 / SpectreRSB mitigation: Filling RSB on contet switch
[    2.838704] Speculative Store Bypass: Vulnerable
[    6.483728] Freeing SMP alternatives memory: 32K
[    7.120849] ftrace: allocating 31566 entries in 62 pages
[    7.546797] smpboot: APIC(0) Converting physical 0 to logical package 0
[    7.632752] smpboot: Max logical packages: 1
[    7.636629] Enabling APIC mode:  Flat.  Using 1 I/O APICs
[    7.652971] ..TIMER: vector=0x30 apic1=0 pin1=2 apic2=-1 pin2=-1
[    7.787207] APIC calibration not consistent with PM-Timer: 104ms instead of 100ms
[    8.016185] APIC delta adjusted to PM-Timer: 6165705 (6422166)
[    8.195967] smpboot: CPU0: Intel(R) Core(TM) i7-6700HQ CPU @ 2.60GHz (family: 0x6, model: 0x5e, stepping: 0x3)
[    8.445556] Performance Events: unsupported p6 CPU model 94 no PMU driver, software events only.
[    8.629553] invalid opcode: 0000 [#1] SMP 
[    8.745866] Modules linked in:
[    8.805491] CPU: 0 PID: 1 Comm: swapper/0 Not tainted 4.4.0-141-generic #167-Ubuntu
[    8.806439] Hardware name: innotek GmbH VirtualBox/VirtualBox, BIOS VirtualBox 12/01/2006
[    8.807837] task: de580000 ti: de4fc000 task.ti: de4fc000
[    8.808777] EIP: 0060:[<c105e3d5>] EFLAGS: 00010002 CPU: 0
[    8.810385] EIP is at native_flush_tlb_global+0x45/0xb0
[    8.812451] EAX: 00000002 EBX: 00000296 ECX: de4fde18 EDX: 00000008
[    8.813744] ESI: c1062960 EDI: 00000000 EBP: de4fde2c ESP: de4fde18
[    8.814331]  DS: 007b ES: 007b FS: 00d8 GS: 00e0 SS: 0068
[    8.815179] CR0: 80050033 CR2: ffbff000 CR3: 01cb7000 CR4: 000006f0
[    8.816195] Stack:
[    8.816542]  00000000 00000000 00000000 00000000 21f086d1 de4fde34 c106296d de4fde4c
[    8.817997]  c10f7a4f 00000001 de4fdee0 00000000 00000001 de4fdebc c1064f5f c13c58d2
[    8.818277]  c009b000 0000ffff 00000002 00000000 00000000 00000000 00000002 00000000
[    8.820483] Call Trace:
[    8.821415]  [<c106296d>] __cpa_flush_range+0xd/0x10
[    8.822223]  [<c10f7a4f>] on_each_cpu+0x3f/0x60
[    8.823056]  [<c1064f5f>] change_page_attr_set_clr+0x36f/0x450
[    8.824126]  [<c13c58d2>] ? pointer.isra.22+0x92/0x500
[    8.825104]  [<c1065d0d>] set_memory_ro+0x4d/0x50
[    8.826012]  [<c1bc7720>] set_real_mode_permissions+0x4c/0x65
[    8.826169]  [<c1bc76d4>] ? pci_xen_swiotlb_init+0x2c/0x2c
[    8.827132]  [<c100212d>] do_one_initcall+0xad/0x210
[    8.828068]  [<c1bc76d4>] ? pci_xen_swiotlb_init+0x2c/0x2c
[    8.829116]  [<c10cc2c1>] ? vprintk_default+0x41/0x60
[    8.830035]  [<c13cebda>] ? find_next_bit+0x1a/0x30
[    8.830115]  [<c103466b>] ? speculative_store_bypass_ht_init+0x6b/0xa0
[    8.831286]  [<c1bbec87>] kernel_init_freeable+0xae/0x1d9
[    8.832668]  [<c17d1180>] kernel_init+0x10/0xe0
[    8.833054]  [<c109d621>] ? schedule_tail+0x11/0x50
[    8.833137]  [<c17db0e0>] ret_from_kernel_thread+0x38/0x4c
[    8.833211]  [<c17d1170>] ? rest_init+0x70/0x70
[    8.833277] Code: ca c1 f6 c4 04 74 3f c7 45 ec 00 00 00 00 c7 45 f0 00 00 00 00 8d 4d ec c7 45 f4 00 00 00 00 c7 45 f8 00 00 00 00 b8 02 00 00 00 <66> 0f 38 82 01 8b 45 fc 65 33 05 14 00 00 00 75 47 c9 c3 90 8d
[    8.834365] EIP: [<c105e3d5>] native_flush_tlb_global+0x45/0xb0 SS:ESP 0068:de4fde18
[    8.838324] ---[ end trace 956da3ca66a1412d ]---
[    8.848793] Kernel panic - not syncing: Attempted to kill init! exitcode=0x0000000b
[    8.848793] 
[    8.849845] ---[ end Kernel panic - not syncing: Attempted to kill init! exitcode=0x0000000b
[    8.849845] 
